127.0.0.1 - - [08/Oct/2024:12:00:00 +0000] "GET /index.html HTTP/1.1" 200 1024
